[debug] [2026-08-15T13:17:41.833Z] ----------------------------------------------------------------------
[debug] [2026-08-15T13:17:41.888Z] Command:       C:\Program Files\nodejs\node.exe C:\Users\Md Soliman Sikder\AppData\Roaming\npm\node_modules\firebase-tools\lib\bin\firebase.js init
[debug] [2026-08-15T13:17:41.888Z] CLI Version:   15.27.0
[debug] [2026-08-15T13:17:41.888Z] Platform:      win32
[debug] [2026-08-15T13:17:41.888Z] Node Version:  v24.18.0
[debug] [2026-08-15T13:17:41.888Z] Detected Agent: unknown
[debug] [2026-08-15T13:17:41.889Z] Time:          Sat Aug 15 2026 19:17:41 GMT+0600 (Bangladesh Standard Time)
[debug] [2026-08-15T13:17:41.889Z] ----------------------------------------------------------------------
[debug] 
[info] 
     ######## #### ########  ######## ########     ###     ######  ########
     ##        ##  ##     ## ##       ##     ##  ##   ##  ##       ##
     ######    ##  ########  ######   ########  #########  ######  ######
     ##        ##  ##    ##  ##       ##     ## ##     ##       ## ##
     ##       #### ##     ## ######## ########  ##     ##  ######  ########

You're about to initialize a Firebase project in this directory:

  C:\Users\Md Soliman Sikder\Desktop\To do web

[info] 
=== Project Setup
[info] 
[info] First, let's associate this project directory with a Firebase project.
[info] You can create multiple project aliases by running firebase use --add, 
[info] 
[debug] [2026-08-15T13:21:53.655Z] > command requires scopes: ["email","openid","https://www.googleapis.com/auth/cloudplatformprojects.readonly","https://www.googleapis.com/auth/firebase","https://www.googleapis.com/auth/cloud-platform"]
[debug] [2026-08-15T13:21:53.656Z] > authorizing via signed-in user (mdsolimansikder62@gmail.com)
[debug] [2026-08-15T13:21:53.671Z] Checked if tokens are valid: true, expires at: 1786803441239
[debug] [2026-08-15T13:21:53.671Z] Checked if tokens are valid: true, expires at: 1786803441239
[debug] [2026-08-15T13:21:53.672Z] >>> [apiv2][query] GET https://firebase.googleapis.com/v1beta1/projects pageSize=100
[debug] [2026-08-15T13:21:54.483Z] <<< [apiv2][status] GET https://firebase.googleapis.com/v1beta1/projects 200
[debug] [2026-08-15T13:21:54.483Z] <<< [apiv2][body] GET https://firebase.googleapis.com/v1beta1/projects [omitted]
[info] 
=== Dataconnect Setup
[info] i  dataconnect: ensuring required API firebasedataconnect.googleapis.com is enabled... 
[debug] [2026-08-15T13:21:57.073Z] Checked if tokens are valid: true, expires at: 1786803441239
[debug] [2026-08-15T13:21:57.073Z] Checked if tokens are valid: true, expires at: 1786803441239
[info] i  dataconnect: ensuring required API sqladmin.googleapis.com is enabled... 
[debug] [2026-08-15T13:21:57.074Z] Checked if tokens are valid: true, expires at: 1786803441239
[debug] [2026-08-15T13:21:57.074Z] Checked if tokens are valid: true, expires at: 1786803441239
[debug] [2026-08-15T13:21:57.075Z] >>> [apiv2][query] GET https://serviceusage.googleapis.com/v1/projects/my-todo-web-1149f/services/firebasedataconnect.googleapis.com [none]
[debug] [2026-08-15T13:21:57.075Z] >>> [apiv2][(partial)header] GET https://serviceusage.googleapis.com/v1/projects/my-todo-web-1149f/services/firebasedataconnect.googleapis.com  x-goog-user-project=my-todo-web-1149f
[debug] [2026-08-15T13:21:57.077Z] >>> [apiv2][query] GET https://serviceusage.googleapis.com/v1/projects/my-todo-web-1149f/services/sqladmin.googleapis.com [none]
[debug] [2026-08-15T13:21:57.077Z] >>> [apiv2][(partial)header] GET https://serviceusage.googleapis.com/v1/projects/my-todo-web-1149f/services/sqladmin.googleapis.com  x-goog-user-project=my-todo-web-1149f
[debug] [2026-08-15T13:21:59.008Z] <<< [apiv2][status] GET https://serviceusage.googleapis.com/v1/projects/my-todo-web-1149f/services/firebasedataconnect.googleapis.com 200
[debug] [2026-08-15T13:21:59.008Z] <<< [apiv2][body] GET https://serviceusage.googleapis.com/v1/projects/my-todo-web-1149f/services/firebasedataconnect.googleapis.com [omitted]
[warn] !  dataconnect: missing required API firebasedataconnect.googleapis.com. Enabling now... 
[debug] [2026-08-15T13:21:59.010Z] Checked if tokens are valid: true, expires at: 1786803441239
[debug] [2026-08-15T13:21:59.010Z] Checked if tokens are valid: true, expires at: 1786803441239
[debug] [2026-08-15T13:21:59.010Z] >>> [apiv2][query] POST https://serviceusage.googleapis.com/v1/projects/my-todo-web-1149f/services/firebasedataconnect.googleapis.com:enable [none]
[debug] [2026-08-15T13:21:59.010Z] >>> [apiv2][(partial)header] POST https://serviceusage.googleapis.com/v1/projects/my-todo-web-1149f/services/firebasedataconnect.googleapis.com:enable  x-goog-user-project=my-todo-web-1149f
[debug] [2026-08-15T13:21:59.026Z] <<< [apiv2][status] GET https://serviceusage.googleapis.com/v1/projects/my-todo-web-1149f/services/sqladmin.googleapis.com 200
[debug] [2026-08-15T13:21:59.026Z] <<< [apiv2][body] GET https://serviceusage.googleapis.com/v1/projects/my-todo-web-1149f/services/sqladmin.googleapis.com [omitted]
[warn] !  dataconnect: missing required API sqladmin.googleapis.com. Enabling now... 
[debug] [2026-08-15T13:21:59.027Z] Checked if tokens are valid: true, expires at: 1786803441239
[debug] [2026-08-15T13:21:59.027Z] Checked if tokens are valid: true, expires at: 1786803441239
[debug] [2026-08-15T13:21:59.062Z] >>> [apiv2][query] POST https://serviceusage.googleapis.com/v1/projects/my-todo-web-1149f/services/sqladmin.googleapis.com:enable [none]
[debug] [2026-08-15T13:21:59.062Z] >>> [apiv2][(partial)header] POST https://serviceusage.googleapis.com/v1/projects/my-todo-web-1149f/services/sqladmin.googleapis.com:enable  x-goog-user-project=my-todo-web-1149f
[debug] [2026-08-15T13:21:59.551Z] <<< [apiv2][status] POST https://serviceusage.googleapis.com/v1/projects/my-todo-web-1149f/services/firebasedataconnect.googleapis.com:enable 200
[debug] [2026-08-15T13:21:59.551Z] <<< [apiv2][body] POST https://serviceusage.googleapis.com/v1/projects/my-todo-web-1149f/services/firebasedataconnect.googleapis.com:enable [omitted]
[debug] [2026-08-15T13:21:59.609Z] <<< [apiv2][status] POST https://serviceusage.googleapis.com/v1/projects/my-todo-web-1149f/services/sqladmin.googleapis.com:enable 200
[debug] [2026-08-15T13:21:59.609Z] <<< [apiv2][body] POST https://serviceusage.googleapis.com/v1/projects/my-todo-web-1149f/services/sqladmin.googleapis.com:enable [omitted]
[debug] [2026-08-15T13:22:09.738Z] Checked if tokens are valid: true, expires at: 1786803441239
[debug] [2026-08-15T13:22:09.738Z] Checked if tokens are valid: true, expires at: 1786803441239
[debug] [2026-08-15T13:22:09.739Z] >>> [apiv2][query] GET https://firebasedataconnect.googleapis.com/v1/projects/my-todo-web-1149f/locations/-/services [none]
[debug] [2026-08-15T13:22:11.999Z] <<< [apiv2][status] GET https://firebasedataconnect.googleapis.com/v1/projects/my-todo-web-1149f/locations/-/services 200
[debug] [2026-08-15T13:22:12.000Z] <<< [apiv2][body] GET https://firebasedataconnect.googleapis.com/v1/projects/my-todo-web-1149f/locations/-/services {}
[debug] [2026-08-15T13:23:03.129Z] Checked if tokens are valid: true, expires at: 1786803441239
[debug] [2026-08-15T13:23:03.129Z] Checked if tokens are valid: true, expires at: 1786803441239
[debug] [2026-08-15T13:23:03.130Z] >>> [apiv2][query] GET https://serviceusage.googleapis.com/v1/projects/my-todo-web-1149f/services/cloudbilling.googleapis.com [none]
[debug] [2026-08-15T13:23:03.130Z] >>> [apiv2][(partial)header] GET https://serviceusage.googleapis.com/v1/projects/my-todo-web-1149f/services/cloudbilling.googleapis.com  x-goog-user-project=my-todo-web-1149f
[debug] [2026-08-15T13:23:05.102Z] <<< [apiv2][status] GET https://serviceusage.googleapis.com/v1/projects/my-todo-web-1149f/services/cloudbilling.googleapis.com 200
[debug] [2026-08-15T13:23:05.102Z] <<< [apiv2][body] GET https://serviceusage.googleapis.com/v1/projects/my-todo-web-1149f/services/cloudbilling.googleapis.com [omitted]
[debug] [2026-08-15T13:23:05.103Z] Checked if tokens are valid: true, expires at: 1786803441239
[debug] [2026-08-15T13:23:05.103Z] Checked if tokens are valid: true, expires at: 1786803441239
[debug] [2026-08-15T13:23:05.104Z] >>> [apiv2][query] POST https://serviceusage.googleapis.com/v1/projects/my-todo-web-1149f/services/cloudbilling.googleapis.com:enable [none]
[debug] [2026-08-15T13:23:05.104Z] >>> [apiv2][(partial)header] POST https://serviceusage.googleapis.com/v1/projects/my-todo-web-1149f/services/cloudbilling.googleapis.com:enable  x-goog-user-project=my-todo-web-1149f
[debug] [2026-08-15T13:23:05.664Z] <<< [apiv2][status] POST https://serviceusage.googleapis.com/v1/projects/my-todo-web-1149f/services/cloudbilling.googleapis.com:enable 200
[debug] [2026-08-15T13:23:05.664Z] <<< [apiv2][body] POST https://serviceusage.googleapis.com/v1/projects/my-todo-web-1149f/services/cloudbilling.googleapis.com:enable [omitted]
[debug] [2026-08-15T13:23:15.731Z] Checked if tokens are valid: true, expires at: 1786803441239
[debug] [2026-08-15T13:23:15.731Z] Checked if tokens are valid: true, expires at: 1786803441239
[debug] [2026-08-15T13:23:15.731Z] >>> [apiv2][query] GET https://cloudbilling.googleapis.com/v1/projects/my-todo-web-1149f/billingInfo [none]
[debug] [2026-08-15T13:23:15.731Z] >>> [apiv2][(partial)header] GET https://cloudbilling.googleapis.com/v1/projects/my-todo-web-1149f/billingInfo  x-goog-user-project=my-todo-web-1149f
[debug] [2026-08-15T13:23:16.243Z] <<< [apiv2][status] GET https://cloudbilling.googleapis.com/v1/projects/my-todo-web-1149f/billingInfo 200
[debug] [2026-08-15T13:23:16.243Z] <<< [apiv2][body] GET https://cloudbilling.googleapis.com/v1/projects/my-todo-web-1149f/billingInfo {"name":"projects/my-todo-web-1149f/billingInfo","projectId":"my-todo-web-1149f","billingAccountName":"","billingEnabled":false}
[debug] [2026-08-15T13:23:16.269Z] Checked if tokens are valid: true, expires at: 1786803441239
[debug] [2026-08-15T13:23:16.269Z] Checked if tokens are valid: true, expires at: 1786803441239
[debug] [2026-08-15T13:23:16.270Z] >>> [apiv2][query] GET https://monitoring.googleapis.com/v3/projects/my-todo-web-1149f/timeSeries/ filter=metric.type%3D%22serviceruntime.googleapis.com%2Fquota%2Fallocation%2Fusage%22+AND+metric.label.quota_metric+%3D+%22sqladmin.googleapis.com%2Ffdc_lifetime_free_trial_per_project%22&interval.endTime=2026-08-15T13%3A23%3A16.268Z&interval.startTime=2026-08-08T13%3A23%3A16.244Z
[debug] [2026-08-15T13:23:17.735Z] <<< [apiv2][status] GET https://monitoring.googleapis.com/v3/projects/my-todo-web-1149f/timeSeries/ 200
[debug] [2026-08-15T13:23:17.735Z] <<< [apiv2][body] GET https://monitoring.googleapis.com/v3/projects/my-todo-web-1149f/timeSeries/ {"unit":"1"}
[info] +  dataconnect: CloudSQL no cost trial available! 
[debug] [2026-08-15T13:23:17.736Z] Checked if tokens are valid: true, expires at: 1786803441239
[debug] [2026-08-15T13:23:17.736Z] Checked if tokens are valid: true, expires at: 1786803441239
[debug] [2026-08-15T13:23:17.736Z] >>> [apiv2][query] GET https://sqladmin.googleapis.com/v1/projects/my-todo-web-1149f/instances [none]
[debug] [2026-08-15T13:23:18.881Z] <<< [apiv2][status] GET https://sqladmin.googleapis.com/v1/projects/my-todo-web-1149f/instances 200
[debug] [2026-08-15T13:23:18.881Z] <<< [apiv2][body] GET https://sqladmin.googleapis.com/v1/projects/my-todo-web-1149f/instances {}
[debug] [2026-08-15T13:23:18.881Z] Checked if tokens are valid: true, expires at: 1786803441239
[debug] [2026-08-15T13:23:18.881Z] Checked if tokens are valid: true, expires at: 1786803441239
[debug] [2026-08-15T13:23:18.881Z] >>> [apiv2][query] GET https://firebasedataconnect.googleapis.com/v1/projects/my-todo-web-1149f/locations [none]
[debug] [2026-08-15T13:23:20.864Z] <<< [apiv2][status] GET https://firebasedataconnect.googleapis.com/v1/projects/my-todo-web-1149f/locations 200
[debug] [2026-08-15T13:23:20.864Z] <<< [apiv2][body] GET https://firebasedataconnect.googleapis.com/v1/projects/my-todo-web-1149f/locations {"locations":[{"name":"projects/my-todo-web-1149f/locations/asia-east1","locationId":"asia-east1","displayName":"Taiwan"},{"name":"projects/my-todo-web-1149f/locations/asia-east2","locationId":"asia-east2","displayName":"Hong Kong"},{"name":"projects/my-todo-web-1149f/locations/asia-northeast1","locationId":"asia-northeast1","displayName":"Tokyo"},{"name":"projects/my-todo-web-1149f/locations/asia-northeast2","locationId":"asia-northeast2","displayName":"Osaka"},{"name":"projects/my-todo-web-1149f/locations/asia-northeast3","locationId":"asia-northeast3","displayName":"Seoul"},{"name":"projects/my-todo-web-1149f/locations/asia-south1","locationId":"asia-south1","displayName":"Mumbai"},{"name":"projects/my-todo-web-1149f/locations/asia-southeast1","locationId":"asia-southeast1","displayName":"Singapore"},{"name":"projects/my-todo-web-1149f/locations/asia-southeast2","locationId":"asia-southeast2","displayName":"Jakarta"},{"name":"projects/my-todo-web-1149f/locations/australia-southeast1","locationId":"australia-southeast1","displayName":"Sydney"},{"name":"projects/my-todo-web-1149f/locations/australia-southeast2","locationId":"australia-southeast2","displayName":"Melbourne"},{"name":"projects/my-todo-web-1149f/locations/europe-central2","locationId":"europe-central2","displayName":"Warsaw"},{"name":"projects/my-todo-web-1149f/locations/europe-north1","locationId":"europe-north1","displayName":"Finland"},{"name":"projects/my-todo-web-1149f/locations/europe-southwest1","locationId":"europe-southwest1","displayName":"Madrid"},{"name":"projects/my-todo-web-1149f/locations/europe-west1","locationId":"europe-west1","displayName":"Belgium"},{"name":"projects/my-todo-web-1149f/locations/europe-west2","locationId":"europe-west2","displayName":"London"},{"name":"projects/my-todo-web-1149f/locations/europe-west3","locationId":"europe-west3","displayName":"Frankfurt"},{"name":"projects/my-todo-web-1149f/locations/europe-west4","locationId":"europe-west4","displayName":"Netherlands"},{"name":"projects/my-todo-web-1149f/locations/europe-west6","locationId":"europe-west6","displayName":"Zurich"},{"name":"projects/my-todo-web-1149f/locations/europe-west8","locationId":"europe-west8","displayName":"Milan"},{"name":"projects/my-todo-web-1149f/locations/europe-west9","locationId":"europe-west9","displayName":"Paris"},{"name":"projects/my-todo-web-1149f/locations/me-west1","locationId":"me-west1","displayName":"Tel Aviv"},{"name":"projects/my-todo-web-1149f/locations/northamerica-northeast1","locationId":"northamerica-northeast1","displayName":"Montréal"},{"name":"projects/my-todo-web-1149f/locations/northamerica-northeast2","locationId":"northamerica-northeast2","displayName":"Toronto"},{"name":"projects/my-todo-web-1149f/locations/southamerica-east1","locationId":"southamerica-east1","displayName":"São Paulo"},{"name":"projects/my-todo-web-1149f/locations/southamerica-west1","locationId":"southamerica-west1","displayName":"Santiago"},{"name":"projects/my-todo-web-1149f/locations/us-central1","locationId":"us-central1","displayName":"Iowa"},{"name":"projects/my-todo-web-1149f/locations/us-east1","locationId":"us-east1","displayName":"South Carolina"},{"name":"projects/my-todo-web-1149f/locations/us-east4","locationId":"us-east4","displayName":"Northern Virginia"},{"name":"projects/my-todo-web-1149f/locations/us-south1","locationId":"us-south1","displayName":"Dallas"},{"name":"projects/my-todo-web-1149f/locations/us-west1","locationId":"us-west1","displayName":"Oregon"},{"name":"projects/my-todo-web-1149f/locations/us-west2","locationId":"us-west2","displayName":"Los Angeles"},{"name":"projects/my-todo-web-1149f/locations/us-west3","locationId":"us-west3","displayName":"Salt Lake City"},{"name":"projects/my-todo-web-1149f/locations/us-west4","locationId":"us-west4","displayName":"Las Vegas"}]}
[debug] [2026-08-15T13:24:03.168Z] ExitPromptError: User force closed the prompt with SIGINT
    at Interface.sigint (C:\Users\Md Soliman Sikder\AppData\Roaming\npm\node_modules\firebase-tools\node_modules\@inquirer\core\dist\commonjs\lib\create-prompt.js:101:37)
    at Interface.emit (node:events:509:28)
    at [_ttyWrite] [as _ttyWrite] (node:internal/readline/interface:1327:18)
    at ReadStream.onkeypress (node:internal/readline/interface:284:20)
    at ReadStream.emit (node:events:521:24)
    at emitKeys (node:internal/readline/utils:371:14)
    at emitKeys.next (<anonymous>)
    at ReadStream.onData (node:internal/readline/emitKeypressEvents:64:36)
    at ReadStream.emit (node:events:509:28)
    at addChunk (node:internal/streams/readable:563:12)
[error] 
[error] Error: An unexpected error has occurred.
[debug] [2026-08-15T13:25:40.249Z] ----------------------------------------------------------------------
[debug] [2026-08-15T13:25:40.251Z] Command:       C:\Program Files\nodejs\node.exe C:\Users\Md Soliman Sikder\AppData\Roaming\npm\node_modules\firebase-tools\lib\bin\firebase.js init
[debug] [2026-08-15T13:25:40.252Z] CLI Version:   15.27.0
[debug] [2026-08-15T13:25:40.252Z] Platform:      win32
[debug] [2026-08-15T13:25:40.252Z] Node Version:  v24.18.0
[debug] [2026-08-15T13:25:40.252Z] Detected Agent: unknown
[debug] [2026-08-15T13:25:40.252Z] Time:          Sat Aug 15 2026 19:25:40 GMT+0600 (Bangladesh Standard Time)
[debug] [2026-08-15T13:25:40.252Z] ----------------------------------------------------------------------
[debug] 
[info] 
     ######## #### ########  ######## ########     ###     ######  ########
     ##        ##  ##     ## ##       ##     ##  ##   ##  ##       ##
     ######    ##  ########  ######   ########  #########  ######  ######
     ##        ##  ##    ##  ##       ##     ## ##     ##       ## ##
     ##       #### ##     ## ######## ########  ##     ##  ######  ########

You're about to initialize a Firebase project in this directory:

  C:\Users\Md Soliman Sikder\Desktop\To do web

[info] 
=== Project Setup
[info] 
[info] First, let's associate this project directory with a Firebase project.
[info] You can create multiple project aliases by running firebase use --add, 
[info] 
[debug] [2026-08-15T13:26:48.918Z] > command requires scopes: ["email","openid","https://www.googleapis.com/auth/cloudplatformprojects.readonly","https://www.googleapis.com/auth/firebase","https://www.googleapis.com/auth/cloud-platform"]
[debug] [2026-08-15T13:26:48.918Z] > authorizing via signed-in user (mdsolimansikder62@gmail.com)
[debug] [2026-08-15T13:26:48.931Z] Checked if tokens are valid: true, expires at: 1786803441239
[debug] [2026-08-15T13:26:48.932Z] Checked if tokens are valid: true, expires at: 1786803441239
[debug] [2026-08-15T13:26:48.933Z] >>> [apiv2][query] GET https://firebase.googleapis.com/v1beta1/projects/my-todo-web-1149f [none]
[debug] [2026-08-15T13:26:49.502Z] <<< [apiv2][status] GET https://firebase.googleapis.com/v1beta1/projects/my-todo-web-1149f 200
[debug] [2026-08-15T13:26:49.502Z] <<< [apiv2][body] GET https://firebase.googleapis.com/v1beta1/projects/my-todo-web-1149f {"projectId":"my-todo-web-1149f","projectNumber":"879601390497","displayName":"my-todo-web","name":"projects/my-todo-web-1149f","resources":{"hostingSite":"my-todo-web-1149f"},"state":"ACTIVE","labels":{"firebase":"enabled"},"etag":"1_4d693409-ce7c-427d-bac7-f2746f50a49f"}
[info] i  Using project my-todo-web-1149f (my-todo-web) . 
[info] 
=== Firestore Setup
[info] i  firestore: ensuring required API firestore.googleapis.com is enabled... 
[debug] [2026-08-15T13:26:49.518Z] Checked if tokens are valid: true, expires at: 1786803441239
[debug] [2026-08-15T13:26:49.518Z] Checked if tokens are valid: true, expires at: 1786803441239
[debug] [2026-08-15T13:26:49.519Z] >>> [apiv2][query] GET https://serviceusage.googleapis.com/v1/projects/my-todo-web-1149f/services/firestore.googleapis.com [none]
[debug] [2026-08-15T13:26:49.519Z] >>> [apiv2][(partial)header] GET https://serviceusage.googleapis.com/v1/projects/my-todo-web-1149f/services/firestore.googleapis.com  x-goog-user-project=my-todo-web-1149f
[debug] [2026-08-15T13:26:51.543Z] <<< [apiv2][status] GET https://serviceusage.googleapis.com/v1/projects/my-todo-web-1149f/services/firestore.googleapis.com 200
[debug] [2026-08-15T13:26:51.543Z] <<< [apiv2][body] GET https://serviceusage.googleapis.com/v1/projects/my-todo-web-1149f/services/firestore.googleapis.com [omitted]
[warn] !  firestore: missing required API firestore.googleapis.com. Enabling now... 
[debug] [2026-08-15T13:26:51.544Z] Checked if tokens are valid: true, expires at: 1786803441239
[debug] [2026-08-15T13:26:51.544Z] Checked if tokens are valid: true, expires at: 1786803441239
[debug] [2026-08-15T13:26:51.544Z] >>> [apiv2][query] POST https://serviceusage.googleapis.com/v1/projects/my-todo-web-1149f/services/firestore.googleapis.com:enable [none]
[debug] [2026-08-15T13:26:51.544Z] >>> [apiv2][(partial)header] POST https://serviceusage.googleapis.com/v1/projects/my-todo-web-1149f/services/firestore.googleapis.com:enable  x-goog-user-project=my-todo-web-1149f
[debug] [2026-08-15T13:26:53.503Z] <<< [apiv2][status] POST https://serviceusage.googleapis.com/v1/projects/my-todo-web-1149f/services/firestore.googleapis.com:enable 200
[debug] [2026-08-15T13:26:53.504Z] <<< [apiv2][body] POST https://serviceusage.googleapis.com/v1/projects/my-todo-web-1149f/services/firestore.googleapis.com:enable [omitted]
[debug] [2026-08-15T13:27:03.526Z] Checked if tokens are valid: true, expires at: 1786803441239
[debug] [2026-08-15T13:27:03.526Z] Checked if tokens are valid: true, expires at: 1786803441239
[debug] [2026-08-15T13:27:03.526Z] >>> [apiv2][query] GET https://firestore.googleapis.com/v1/projects/my-todo-web-1149f/databases [none]
[debug] [2026-08-15T13:27:04.303Z] <<< [apiv2][status] GET https://firestore.googleapis.com/v1/projects/my-todo-web-1149f/databases 200
[debug] [2026-08-15T13:27:04.303Z] <<< [apiv2][body] GET https://firestore.googleapis.com/v1/projects/my-todo-web-1149f/databases {}
[debug] [2026-08-15T13:27:04.303Z] Checked if tokens are valid: true, expires at: 1786803441239
[debug] [2026-08-15T13:27:04.303Z] Checked if tokens are valid: true, expires at: 1786803441239
[debug] [2026-08-15T13:27:04.303Z] >>> [apiv2][query] GET https://firestore.googleapis.com/v1/projects/my-todo-web-1149f/locations [none]
[debug] [2026-08-15T13:27:04.747Z] <<< [apiv2][status] GET https://firestore.googleapis.com/v1/projects/my-todo-web-1149f/locations 200
[debug] [2026-08-15T13:27:04.747Z] <<< [apiv2][body] GET https://firestore.googleapis.com/v1/projects/my-todo-web-1149f/locations {"locations":[{"name":"projects/my-todo-web-1149f/locations/eur3","labels":{"appengine.googleapis.com/geo":"europe-west","cloud.googleapis.com/location":"eur3","cloud.googleapis.com/geo":"eur3"},"metadata":{"@type":"type.googleapis.com/google.firestore.admin.v1.LocationMetadata"},"locationId":"eur3","displayName":"Europe"},{"name":"projects/my-todo-web-1149f/locations/nam5","labels":{"appengine.googleapis.com/geo":"us-central","cloud.googleapis.com/location":"nam5","cloud.googleapis.com/geo":"nam5"},"metadata":{"@type":"type.googleapis.com/google.firestore.admin.v1.LocationMetadata"},"locationId":"nam5","displayName":"United States"},{"name":"projects/my-todo-web-1149f/locations/nam7","labels":{"cloud.googleapis.com/location":"nam7","cloud.googleapis.com/geo":"nam7"},"metadata":{"@type":"type.googleapis.com/google.firestore.admin.v1.LocationMetadata"},"locationId":"nam7","displayName":"United States"},{"name":"projects/my-todo-web-1149f/locations/africa-south1","labels":{"cloud.googleapis.com/location":"africa-south1","cloud.googleapis.com/region":"africa-south1"},"metadata":{"@type":"type.googleapis.com/google.firestore.admin.v1.LocationMetadata"},"locationId":"africa-south1","displayName":"Johannesburg"},{"name":"projects/my-todo-web-1149f/locations/asia-east1","labels":{"appengine.googleapis.com/region":"asia-east1","cloud.googleapis.com/location":"asia-east1","cloud.googleapis.com/region":"asia-east1"},"metadata":{"@type":"type.googleapis.com/google.firestore.admin.v1.LocationMetadata"},"locationId":"asia-east1","displayName":"Taiwan"},{"name":"projects/my-todo-web-1149f/locations/asia-east2","labels":{"appengine.googleapis.com/region":"asia-east2","cloud.googleapis.com/location":"asia-east2","cloud.googleapis.com/region":"asia-east2"},"metadata":{"@type":"type.googleapis.com/google.firestore.admin.v1.LocationMetadata"},"locationId":"asia-east2","displayName":"Hong Kong"},{"name":"projects/my-todo-web-1149f/locations/asia-northeast1","labels":{"appengine.googleapis.com/region":"asia-northeast1","cloud.googleapis.com/location":"asia-northeast1","cloud.googleapis.com/region":"asia-northeast1"},"metadata":{"@type":"type.googleapis.com/google.firestore.admin.v1.LocationMetadata"},"locationId":"asia-northeast1","displayName":"Tokyo"},{"name":"projects/my-todo-web-1149f/locations/asia-northeast2","labels":{"appengine.googleapis.com/region":"asia-northeast2","cloud.googleapis.com/location":"asia-northeast2","cloud.googleapis.com/region":"asia-northeast2"},"metadata":{"@type":"type.googleapis.com/google.firestore.admin.v1.LocationMetadata"},"locationId":"asia-northeast2","displayName":"Osaka"},{"name":"projects/my-todo-web-1149f/locations/asia-northeast3","labels":{"appengine.googleapis.com/region":"asia-northeast3","cloud.googleapis.com/location":"asia-northeast3","cloud.googleapis.com/region":"asia-northeast3"},"metadata":{"@type":"type.googleapis.com/google.firestore.admin.v1.LocationMetadata"},"locationId":"asia-northeast3","displayName":"Seoul"},{"name":"projects/my-todo-web-1149f/locations/asia-south1","labels":{"appengine.googleapis.com/region":"asia-south1","cloud.googleapis.com/location":"asia-south1","cloud.googleapis.com/region":"asia-south1"},"metadata":{"@type":"type.googleapis.com/google.firestore.admin.v1.LocationMetadata"},"locationId":"asia-south1","displayName":"Mumbai"},{"name":"projects/my-todo-web-1149f/locations/asia-south2","labels":{"cloud.googleapis.com/location":"asia-south2","cloud.googleapis.com/region":"asia-south2"},"metadata":{"@type":"type.googleapis.com/google.firestore.admin.v1.LocationMetadata"},"locationId":"asia-south2","displayName":"Delhi"},{"name":"projects/my-todo-web-1149f/locations/asia-southeast1","labels":{"appengine.googleapis.com/region":"asia-southeast1","cloud.googleapis.com/location":"asia-southeast1","cloud.googleapis.com/region":"asia-southeast1"},"metadata":{"@type":"type.googleapis.com/google.firestore.admin.v1.LocationMetadata"},"locationId":"asia-southeast1","displayName":"Singapore"},{"name":"projects/my-todo-web-1149f/locations/asia-southeast2","labels":{"appengine.googleapis.com/region":"asia-southeast2","cloud.googleapis.com/location":"asia-southeast2","cloud.googleapis.com/region":"asia-southeast2"},"metadata":{"@type":"type.googleapis.com/google.firestore.admin.v1.LocationMetadata"},"locationId":"asia-southeast2","displayName":"Jakarta"},{"name":"projects/my-todo-web-1149f/locations/asia-southeast3","labels":{"cloud.googleapis.com/location":"asia-southeast3","cloud.googleapis.com/region":"asia-southeast3"},"metadata":{"@type":"type.googleapis.com/google.firestore.admin.v1.LocationMetadata"},"locationId":"asia-southeast3","displayName":"Bangkok"},{"name":"projects/my-todo-web-1149f/locations/australia-southeast1","labels":{"appengine.googleapis.com/region":"australia-southeast1","cloud.googleapis.com/location":"australia-southeast1","cloud.googleapis.com/region":"australia-southeast1"},"metadata":{"@type":"type.googleapis.com/google.firestore.admin.v1.LocationMetadata"},"locationId":"australia-southeast1","displayName":"Sydney"},{"name":"projects/my-todo-web-1149f/locations/australia-southeast2","labels":{"cloud.googleapis.com/location":"australia-southeast2","cloud.googleapis.com/region":"australia-southeast2"},"metadata":{"@type":"type.googleapis.com/google.firestore.admin.v1.LocationMetadata"},"locationId":"australia-southeast2","displayName":"Melbourne"},{"name":"projects/my-todo-web-1149f/locations/europe-central2","labels":{"appengine.googleapis.com/region":"europe-central2","cloud.googleapis.com/location":"europe-central2","cloud.googleapis.com/region":"europe-central2"},"metadata":{"@type":"type.googleapis.com/google.firestore.admin.v1.LocationMetadata"},"locationId":"europe-central2","displayName":"Warsaw"},{"name":"projects/my-todo-web-1149f/locations/europe-north1","labels":{"cloud.googleapis.com/location":"europe-north1","cloud.googleapis.com/region":"europe-north1"},"metadata":{"@type":"type.googleapis.com/google.firestore.admin.v1.LocationMetadata"},"locationId":"europe-north1","displayName":"Finland"},{"name":"projects/my-todo-web-1149f/locations/europe-north2","labels":{"cloud.googleapis.com/location":"europe-north2","cloud.googleapis.com/region":"europe-north2"},"metadata":{"@type":"type.googleapis.com/google.firestore.admin.v1.LocationMetadata"},"locationId":"europe-north2","displayName":"Stockholm"},{"name":"projects/my-todo-web-1149f/locations/europe-southwest1","labels":{"cloud.googleapis.com/location":"europe-southwest1","cloud.googleapis.com/region":"europe-southwest1"},"metadata":{"@type":"type.googleapis.com/google.firestore.admin.v1.LocationMetadata"},"locationId":"europe-southwest1","displayName":"Madrid"},{"name":"projects/my-todo-web-1149f/locations/europe-west1","labels":{"cloud.googleapis.com/location":"europe-west1","cloud.googleapis.com/region":"europe-west1"},"metadata":{"@type":"type.googleapis.com/google.firestore.admin.v1.LocationMetadata"},"locationId":"europe-west1","displayName":"Belgium"},{"name":"projects/my-todo-web-1149f/locations/europe-west10","labels":{"cloud.googleapis.com/location":"europe-west10","cloud.googleapis.com/region":"europe-west10"},"metadata":{"@type":"type.googleapis.com/google.firestore.admin.v1.LocationMetadata"},"locationId":"europe-west10","displayName":"Berlin"},{"name":"projects/my-todo-web-1149f/locations/europe-west12","labels":{"cloud.googleapis.com/location":"europe-west12","cloud.googleapis.com/region":"europe-west12"},"metadata":{"@type":"type.googleapis.com/google.firestore.admin.v1.LocationMetadata"},"locationId":"europe-west12","displayName":"Turin"},{"name":"projects/my-todo-web-1149f/locations/europe-west2","labels":{"appengine.googleapis.com/region":"europe-west2","cloud.googleapis.com/location":"europe-west2","cloud.googleapis.com/region":"europe-west2"},"metadata":{"@type":"type.googleapis.com/google.firestore.admin.v1.LocationMetadata"},"locationId":"europe-west2","displayName":"London"},{"name":"projects/my-todo-web-1149f/locations/europe-west3","labels":{"appengine.googleapis.com/region":"europe-west3","cloud.googleapis.com/location":"europe-west3","cloud.googleapis.com/region":"europe-west3"},"metadata":{"@type":"type.googleapis.com/google.firestore.admin.v1.LocationMetadata"},"locationId":"europe-west3","displayName":"Frankfurt"},{"name":"projects/my-todo-web-1149f/locations/europe-west4","labels":{"cloud.googleapis.com/location":"europe-west4","cloud.googleapis.com/region":"europe-west4"},"metadata":{"@type":"type.googleapis.com/google.firestore.admin.v1.LocationMetadata"},"locationId":"europe-west4","displayName":"Netherlands"},{"name":"projects/my-todo-web-1149f/locations/europe-west6","labels":{"appengine.googleapis.com/region":"europe-west6","cloud.googleapis.com/location":"europe-west6","cloud.googleapis.com/region":"europe-west6"},"metadata":{"@type":"type.googleapis.com/google.firestore.admin.v1.LocationMetadata"},"locationId":"europe-west6","displayName":"Zurich"},{"name":"projects/my-todo-web-1149f/locations/europe-west8","labels":{"cloud.googleapis.com/location":"europe-west8","cloud.googleapis.com/region":"europe-west8"},"metadata":{"@type":"type.googleapis.com/google.firestore.admin.v1.LocationMetadata"},"locationId":"europe-west8","displayName":"Milan"},{"name":"projects/my-todo-web-1149f/locations/europe-west9","labels":{"cloud.googleapis.com/location":"europe-west9","cloud.googleapis.com/region":"europe-west9"},"metadata":{"@type":"type.googleapis.com/google.firestore.admin.v1.LocationMetadata"},"locationId":"europe-west9","displayName":"Paris"},{"name":"projects/my-todo-web-1149f/locations/me-central1","labels":{"cloud.googleapis.com/location":"me-central1","cloud.googleapis.com/region":"me-central1"},"metadata":{"@type":"type.googleapis.com/google.firestore.admin.v1.LocationMetadata"},"locationId":"me-central1","displayName":"Doha"},{"name":"projects/my-todo-web-1149f/locations/me-central2","labels":{"cloud.googleapis.com/location":"me-central2","cloud.googleapis.com/region":"me-central2"},"metadata":{"@type":"type.googleapis.com/google.firestore.admin.v1.LocationMetadata"},"locationId":"me-central2","displayName":"Dammam"},{"name":"projects/my-todo-web-1149f/locations/me-west1","labels":{"cloud.googleapis.com/location":"me-west1","cloud.googleapis.com/region":"me-west1"},"metadata":{"@type":"type.googleapis.com/google.firestore.admin.v1.LocationMetadata"},"locationId":"me-west1","displayName":"Tel Aviv"},{"name":"projects/my-todo-web-1149f/locations/northamerica-northeast1","labels":{"appengine.googleapis.com/region":"northamerica-northeast1","cloud.googleapis.com/location":"northamerica-northeast1","cloud.googleapis.com/region":"northamerica-northeast1"},"metadata":{"@type":"type.googleapis.com/google.firestore.admin.v1.LocationMetadata"},"locationId":"northamerica-northeast1","displayName":"Montréal"},{"name":"projects/my-todo-web-1149f/locations/northamerica-northeast2","labels":{"cloud.googleapis.com/location":"northamerica-northeast2","cloud.googleapis.com/region":"northamerica-northeast2"},"metadata":{"@type":"type.googleapis.com/google.firestore.admin.v1.LocationMetadata"},"locationId":"northamerica-northeast2","displayName":"Toronto"},{"name":"projects/my-todo-web-1149f/locations/northamerica-south1","labels":{"cloud.googleapis.com/location":"northamerica-south1","cloud.googleapis.com/region":"northamerica-south1"},"metadata":{"@type":"type.googleapis.com/google.firestore.admin.v1.LocationMetadata"},"locationId":"northamerica-south1","displayName":"Mexico"},{"name":"projects/my-todo-web-1149f/locations/southamerica-east1","labels":{"appengine.googleapis.com/region":"southamerica-east1","cloud.googleapis.com/location":"southamerica-east1","cloud.googleapis.com/region":"southamerica-east1"},"metadata":{"@type":"type.googleapis.com/google.firestore.admin.v1.LocationMetadata"},"locationId":"southamerica-east1","displayName":"São Paulo"},{"name":"projects/my-todo-web-1149f/locations/southamerica-west1","labels":{"cloud.googleapis.com/location":"southamerica-west1","cloud.googleapis.com/region":"southamerica-west1"},"metadata":{"@type":"type.googleapis.com/google.firestore.admin.v1.LocationMetadata"},"locationId":"southamerica-west1","displayName":"Santiago"},{"name":"projects/my-todo-web-1149f/locations/us-central1","labels":{"cloud.googleapis.com/location":"us-central1","cloud.googleapis.com/region":"us-central1"},"metadata":{"@type":"type.googleapis.com/google.firestore.admin.v1.LocationMetadata"},"locationId":"us-central1","displayName":"Iowa"},{"name":"projects/my-todo-web-1149f/locations/us-east1","labels":{"appengine.googleapis.com/region":"us-east1","cloud.googleapis.com/location":"us-east1","cloud.googleapis.com/region":"us-east1"},"metadata":{"@type":"type.googleapis.com/google.firestore.admin.v1.LocationMetadata"},"locationId":"us-east1","displayName":"South Carolina"},{"name":"projects/my-todo-web-1149f/locations/us-east4","labels":{"appengine.googleapis.com/region":"us-east4","cloud.googleapis.com/location":"us-east4","cloud.googleapis.com/region":"us-east4"},"metadata":{"@type":"type.googleapis.com/google.firestore.admin.v1.LocationMetadata"},"locationId":"us-east4","displayName":"Northern Virginia"},{"name":"projects/my-todo-web-1149f/locations/us-east5","labels":{"cloud.googleapis.com/location":"us-east5","cloud.googleapis.com/region":"us-east5"},"metadata":{"@type":"type.googleapis.com/google.firestore.admin.v1.LocationMetadata"},"locationId":"us-east5","displayName":"Columbus"},{"name":"projects/my-todo-web-1149f/locations/us-south1","labels":{"cloud.googleapis.com/location":"us-south1","cloud.googleapis.com/region":"us-south1"},"metadata":{"@type":"type.googleapis.com/google.firestore.admin.v1.LocationMetadata"},"locationId":"us-south1","displayName":"Dallas"},{"name":"projects/my-todo-web-1149f/locations/us-west1","labels":{"appengine.googleapis.com/region":"us-west1","cloud.googleapis.com/location":"us-west1","cloud.googleapis.com/region":"us-west1"},"metadata":{"@type":"type.googleapis.com/google.firestore.admin.v1.LocationMetadata"},"locationId":"us-west1","displayName":"Oregon"},{"name":"projects/my-todo-web-1149f/locations/us-west2","labels":{"appengine.googleapis.com/region":"us-west2","cloud.googleapis.com/location":"us-west2","cloud.googleapis.com/region":"us-west2"},"metadata":{"@type":"type.googleapis.com/google.firestore.admin.v1.LocationMetadata"},"locationId":"us-west2","displayName":"Los Angeles"},{"name":"projects/my-todo-web-1149f/locations/us-west3","labels":{"appengine.googleapis.com/region":"us-west3","cloud.googleapis.com/location":"us-west3","cloud.googleapis.com/region":"us-west3"},"metadata":{"@type":"type.googleapis.com/google.firestore.admin.v1.LocationMetadata"},"locationId":"us-west3","displayName":"Salt Lake City"},{"name":"projects/my-todo-web-1149f/locations/us-west4","labels":{"appengine.googleapis.com/region":"us-west4","cloud.googleapis.com/location":"us-west4","cloud.googleapis.com/region":"us-west4"},"metadata":{"@type":"type.googleapis.com/google.firestore.admin.v1.LocationMetadata"},"locationId":"us-west4","displayName":"Las Vegas"}]}
[info] 
[info] Firestore Security Rules allow you to define how and when to allow
[info] requests. You can keep these rules in your project directory
[info] and publish them with firebase deploy.
[info] 
[debug] [2026-08-15T13:28:02.257Z] ExitPromptError: User force closed the prompt with SIGINT
    at Interface.sigint (C:\Users\Md Soliman Sikder\AppData\Roaming\npm\node_modules\firebase-tools\node_modules\@inquirer\core\dist\commonjs\lib\create-prompt.js:101:37)
    at Interface.emit (node:events:509:28)
    at [_ttyWrite] [as _ttyWrite] (node:internal/readline/interface:1327:18)
    at ReadStream.onkeypress (node:internal/readline/interface:284:20)
    at ReadStream.emit (node:events:521:24)
    at emitKeys (node:internal/readline/utils:371:14)
    at emitKeys.next (<anonymous>)
    at ReadStream.onData (node:internal/readline/emitKeypressEvents:64:36)
    at ReadStream.emit (node:events:509:28)
    at addChunk (node:internal/streams/readable:563:12)
[error] 
[error] Error: An unexpected error has occurred.
[debug] [2026-08-15T13:31:44.679Z] ----------------------------------------------------------------------
[debug] [2026-08-15T13:31:44.684Z] Command:       C:\Program Files\nodejs\node.exe C:\Users\Md Soliman Sikder\AppData\Roaming\npm\node_modules\firebase-tools\lib\bin\firebase.js init
[debug] [2026-08-15T13:31:44.684Z] CLI Version:   15.27.0
[debug] [2026-08-15T13:31:44.684Z] Platform:      win32
[debug] [2026-08-15T13:31:44.685Z] Node Version:  v24.18.0
[debug] [2026-08-15T13:31:44.685Z] Detected Agent: unknown
[debug] [2026-08-15T13:31:44.685Z] Time:          Sat Aug 15 2026 19:31:44 GMT+0600 (Bangladesh Standard Time)
[debug] [2026-08-15T13:31:44.685Z] ----------------------------------------------------------------------
[debug] 
[info] 
     ######## #### ########  ######## ########     ###     ######  ########
     ##        ##  ##     ## ##       ##     ##  ##   ##  ##       ##
     ######    ##  ########  ######   ########  #########  ######  ######
     ##        ##  ##    ##  ##       ##     ## ##     ##       ## ##
     ##       #### ##     ## ######## ########  ##     ##  ######  ########

You're about to initialize a Firebase project in this directory:

  C:\Users\Md Soliman Sikder\Desktop\To do web

[info] 
=== Project Setup
[info] 
[info] First, let's associate this project directory with a Firebase project.
[info] You can create multiple project aliases by running firebase use --add, 
[info] 
[debug] [2026-08-15T13:31:58.667Z] > command requires scopes: ["email","openid","https://www.googleapis.com/auth/cloudplatformprojects.readonly","https://www.googleapis.com/auth/firebase","https://www.googleapis.com/auth/cloud-platform"]
[debug] [2026-08-15T13:31:58.667Z] > authorizing via signed-in user (mdsolimansikder62@gmail.com)
[debug] [2026-08-15T13:31:58.680Z] Checked if tokens are valid: true, expires at: 1786803441239
[debug] [2026-08-15T13:31:58.680Z] Checked if tokens are valid: true, expires at: 1786803441239
[debug] [2026-08-15T13:31:58.681Z] >>> [apiv2][query] GET https://firebase.googleapis.com/v1beta1/projects/my-todo-web-1149f [none]
[debug] [2026-08-15T13:31:59.231Z] <<< [apiv2][status] GET https://firebase.googleapis.com/v1beta1/projects/my-todo-web-1149f 200
[debug] [2026-08-15T13:31:59.232Z] <<< [apiv2][body] GET https://firebase.googleapis.com/v1beta1/projects/my-todo-web-1149f {"projectId":"my-todo-web-1149f","projectNumber":"879601390497","displayName":"my-todo-web","name":"projects/my-todo-web-1149f","resources":{"hostingSite":"my-todo-web-1149f"},"state":"ACTIVE","labels":{"firebase":"enabled"},"etag":"1_4d693409-ce7c-427d-bac7-f2746f50a49f"}
[info] i  Using project my-todo-web-1149f (my-todo-web) . 
[info] 
=== Firestore Setup
[info] i  firestore: ensuring required API firestore.googleapis.com is enabled... 
[debug] [2026-08-15T13:31:59.252Z] Checked if tokens are valid: true, expires at: 1786803441239
[debug] [2026-08-15T13:31:59.253Z] Checked if tokens are valid: true, expires at: 1786803441239
[debug] [2026-08-15T13:31:59.253Z] >>> [apiv2][query] GET https://firestore.googleapis.com/v1/projects/my-todo-web-1149f/databases [none]
[debug] [2026-08-15T13:32:00.165Z] <<< [apiv2][status] GET https://firestore.googleapis.com/v1/projects/my-todo-web-1149f/databases 200
[debug] [2026-08-15T13:32:00.165Z] <<< [apiv2][body] GET https://firestore.googleapis.com/v1/projects/my-todo-web-1149f/databases {}
[debug] [2026-08-15T13:32:00.166Z] Checked if tokens are valid: true, expires at: 1786803441239
[debug] [2026-08-15T13:32:00.166Z] Checked if tokens are valid: true, expires at: 1786803441239
[debug] [2026-08-15T13:32:00.166Z] >>> [apiv2][query] GET https://firestore.googleapis.com/v1/projects/my-todo-web-1149f/locations [none]
[debug] [2026-08-15T13:32:00.354Z] <<< [apiv2][status] GET https://firestore.googleapis.com/v1/projects/my-todo-web-1149f/locations 200
[debug] [2026-08-15T13:32:00.355Z] <<< [apiv2][body] GET https://firestore.googleapis.com/v1/projects/my-todo-web-1149f/locations {"locations":[{"name":"projects/my-todo-web-1149f/locations/eur3","labels":{"appengine.googleapis.com/geo":"europe-west","cloud.googleapis.com/location":"eur3","cloud.googleapis.com/geo":"eur3"},"metadata":{"@type":"type.googleapis.com/google.firestore.admin.v1.LocationMetadata"},"locationId":"eur3","displayName":"Europe"},{"name":"projects/my-todo-web-1149f/locations/nam5","labels":{"appengine.googleapis.com/geo":"us-central","cloud.googleapis.com/location":"nam5","cloud.googleapis.com/geo":"nam5"},"metadata":{"@type":"type.googleapis.com/google.firestore.admin.v1.LocationMetadata"},"locationId":"nam5","displayName":"United States"},{"name":"projects/my-todo-web-1149f/locations/nam7","labels":{"cloud.googleapis.com/location":"nam7","cloud.googleapis.com/geo":"nam7"},"metadata":{"@type":"type.googleapis.com/google.firestore.admin.v1.LocationMetadata"},"locationId":"nam7","displayName":"United States"},{"name":"projects/my-todo-web-1149f/locations/africa-south1","labels":{"cloud.googleapis.com/location":"africa-south1","cloud.googleapis.com/region":"africa-south1"},"metadata":{"@type":"type.googleapis.com/google.firestore.admin.v1.LocationMetadata"},"locationId":"africa-south1","displayName":"Johannesburg"},{"name":"projects/my-todo-web-1149f/locations/asia-east1","labels":{"appengine.googleapis.com/region":"asia-east1","cloud.googleapis.com/location":"asia-east1","cloud.googleapis.com/region":"asia-east1"},"metadata":{"@type":"type.googleapis.com/google.firestore.admin.v1.LocationMetadata"},"locationId":"asia-east1","displayName":"Taiwan"},{"name":"projects/my-todo-web-1149f/locations/asia-east2","labels":{"appengine.googleapis.com/region":"asia-east2","cloud.googleapis.com/location":"asia-east2","cloud.googleapis.com/region":"asia-east2"},"metadata":{"@type":"type.googleapis.com/google.firestore.admin.v1.LocationMetadata"},"locationId":"asia-east2","displayName":"Hong Kong"},{"name":"projects/my-todo-web-1149f/locations/asia-northeast1","labels":{"appengine.googleapis.com/region":"asia-northeast1","cloud.googleapis.com/location":"asia-northeast1","cloud.googleapis.com/region":"asia-northeast1"},"metadata":{"@type":"type.googleapis.com/google.firestore.admin.v1.LocationMetadata"},"locationId":"asia-northeast1","displayName":"Tokyo"},{"name":"projects/my-todo-web-1149f/locations/asia-northeast2","labels":{"appengine.googleapis.com/region":"asia-northeast2","cloud.googleapis.com/location":"asia-northeast2","cloud.googleapis.com/region":"asia-northeast2"},"metadata":{"@type":"type.googleapis.com/google.firestore.admin.v1.LocationMetadata"},"locationId":"asia-northeast2","displayName":"Osaka"},{"name":"projects/my-todo-web-1149f/locations/asia-northeast3","labels":{"appengine.googleapis.com/region":"asia-northeast3","cloud.googleapis.com/location":"asia-northeast3","cloud.googleapis.com/region":"asia-northeast3"},"metadata":{"@type":"type.googleapis.com/google.firestore.admin.v1.LocationMetadata"},"locationId":"asia-northeast3","displayName":"Seoul"},{"name":"projects/my-todo-web-1149f/locations/asia-south1","labels":{"appengine.googleapis.com/region":"asia-south1","cloud.googleapis.com/location":"asia-south1","cloud.googleapis.com/region":"asia-south1"},"metadata":{"@type":"type.googleapis.com/google.firestore.admin.v1.LocationMetadata"},"locationId":"asia-south1","displayName":"Mumbai"},{"name":"projects/my-todo-web-1149f/locations/asia-south2","labels":{"cloud.googleapis.com/location":"asia-south2","cloud.googleapis.com/region":"asia-south2"},"metadata":{"@type":"type.googleapis.com/google.firestore.admin.v1.LocationMetadata"},"locationId":"asia-south2","displayName":"Delhi"},{"name":"projects/my-todo-web-1149f/locations/asia-southeast1","labels":{"appengine.googleapis.com/region":"asia-southeast1","cloud.googleapis.com/location":"asia-southeast1","cloud.googleapis.com/region":"asia-southeast1"},"metadata":{"@type":"type.googleapis.com/google.firestore.admin.v1.LocationMetadata"},"locationId":"asia-southeast1","displayName":"Singapore"},{"name":"projects/my-todo-web-1149f/locations/asia-southeast2","labels":{"appengine.googleapis.com/region":"asia-southeast2","cloud.googleapis.com/location":"asia-southeast2","cloud.googleapis.com/region":"asia-southeast2"},"metadata":{"@type":"type.googleapis.com/google.firestore.admin.v1.LocationMetadata"},"locationId":"asia-southeast2","displayName":"Jakarta"},{"name":"projects/my-todo-web-1149f/locations/asia-southeast3","labels":{"cloud.googleapis.com/location":"asia-southeast3","cloud.googleapis.com/region":"asia-southeast3"},"metadata":{"@type":"type.googleapis.com/google.firestore.admin.v1.LocationMetadata"},"locationId":"asia-southeast3","displayName":"Bangkok"},{"name":"projects/my-todo-web-1149f/locations/australia-southeast1","labels":{"appengine.googleapis.com/region":"australia-southeast1","cloud.googleapis.com/location":"australia-southeast1","cloud.googleapis.com/region":"australia-southeast1"},"metadata":{"@type":"type.googleapis.com/google.firestore.admin.v1.LocationMetadata"},"locationId":"australia-southeast1","displayName":"Sydney"},{"name":"projects/my-todo-web-1149f/locations/australia-southeast2","labels":{"cloud.googleapis.com/location":"australia-southeast2","cloud.googleapis.com/region":"australia-southeast2"},"metadata":{"@type":"type.googleapis.com/google.firestore.admin.v1.LocationMetadata"},"locationId":"australia-southeast2","displayName":"Melbourne"},{"name":"projects/my-todo-web-1149f/locations/europe-central2","labels":{"appengine.googleapis.com/region":"europe-central2","cloud.googleapis.com/location":"europe-central2","cloud.googleapis.com/region":"europe-central2"},"metadata":{"@type":"type.googleapis.com/google.firestore.admin.v1.LocationMetadata"},"locationId":"europe-central2","displayName":"Warsaw"},{"name":"projects/my-todo-web-1149f/locations/europe-north1","labels":{"cloud.googleapis.com/location":"europe-north1","cloud.googleapis.com/region":"europe-north1"},"metadata":{"@type":"type.googleapis.com/google.firestore.admin.v1.LocationMetadata"},"locationId":"europe-north1","displayName":"Finland"},{"name":"projects/my-todo-web-1149f/locations/europe-north2","labels":{"cloud.googleapis.com/location":"europe-north2","cloud.googleapis.com/region":"europe-north2"},"metadata":{"@type":"type.googleapis.com/google.firestore.admin.v1.LocationMetadata"},"locationId":"europe-north2","displayName":"Stockholm"},{"name":"projects/my-todo-web-1149f/locations/europe-southwest1","labels":{"cloud.googleapis.com/location":"europe-southwest1","cloud.googleapis.com/region":"europe-southwest1"},"metadata":{"@type":"type.googleapis.com/google.firestore.admin.v1.LocationMetadata"},"locationId":"europe-southwest1","displayName":"Madrid"},{"name":"projects/my-todo-web-1149f/locations/europe-west1","labels":{"cloud.googleapis.com/location":"europe-west1","cloud.googleapis.com/region":"europe-west1"},"metadata":{"@type":"type.googleapis.com/google.firestore.admin.v1.LocationMetadata"},"locationId":"europe-west1","displayName":"Belgium"},{"name":"projects/my-todo-web-1149f/locations/europe-west10","labels":{"cloud.googleapis.com/location":"europe-west10","cloud.googleapis.com/region":"europe-west10"},"metadata":{"@type":"type.googleapis.com/google.firestore.admin.v1.LocationMetadata"},"locationId":"europe-west10","displayName":"Berlin"},{"name":"projects/my-todo-web-1149f/locations/europe-west12","labels":{"cloud.googleapis.com/location":"europe-west12","cloud.googleapis.com/region":"europe-west12"},"metadata":{"@type":"type.googleapis.com/google.firestore.admin.v1.LocationMetadata"},"locationId":"europe-west12","displayName":"Turin"},{"name":"projects/my-todo-web-1149f/locations/europe-west2","labels":{"appengine.googleapis.com/region":"europe-west2","cloud.googleapis.com/location":"europe-west2","cloud.googleapis.com/region":"europe-west2"},"metadata":{"@type":"type.googleapis.com/google.firestore.admin.v1.LocationMetadata"},"locationId":"europe-west2","displayName":"London"},{"name":"projects/my-todo-web-1149f/locations/europe-west3","labels":{"appengine.googleapis.com/region":"europe-west3","cloud.googleapis.com/location":"europe-west3","cloud.googleapis.com/region":"europe-west3"},"metadata":{"@type":"type.googleapis.com/google.firestore.admin.v1.LocationMetadata"},"locationId":"europe-west3","displayName":"Frankfurt"},{"name":"projects/my-todo-web-1149f/locations/europe-west4","labels":{"cloud.googleapis.com/location":"europe-west4","cloud.googleapis.com/region":"europe-west4"},"metadata":{"@type":"type.googleapis.com/google.firestore.admin.v1.LocationMetadata"},"locationId":"europe-west4","displayName":"Netherlands"},{"name":"projects/my-todo-web-1149f/locations/europe-west6","labels":{"appengine.googleapis.com/region":"europe-west6","cloud.googleapis.com/location":"europe-west6","cloud.googleapis.com/region":"europe-west6"},"metadata":{"@type":"type.googleapis.com/google.firestore.admin.v1.LocationMetadata"},"locationId":"europe-west6","displayName":"Zurich"},{"name":"projects/my-todo-web-1149f/locations/europe-west8","labels":{"cloud.googleapis.com/location":"europe-west8","cloud.googleapis.com/region":"europe-west8"},"metadata":{"@type":"type.googleapis.com/google.firestore.admin.v1.LocationMetadata"},"locationId":"europe-west8","displayName":"Milan"},{"name":"projects/my-todo-web-1149f/locations/europe-west9","labels":{"cloud.googleapis.com/location":"europe-west9","cloud.googleapis.com/region":"europe-west9"},"metadata":{"@type":"type.googleapis.com/google.firestore.admin.v1.LocationMetadata"},"locationId":"europe-west9","displayName":"Paris"},{"name":"projects/my-todo-web-1149f/locations/me-central1","labels":{"cloud.googleapis.com/location":"me-central1","cloud.googleapis.com/region":"me-central1"},"metadata":{"@type":"type.googleapis.com/google.firestore.admin.v1.LocationMetadata"},"locationId":"me-central1","displayName":"Doha"},{"name":"projects/my-todo-web-1149f/locations/me-central2","labels":{"cloud.googleapis.com/location":"me-central2","cloud.googleapis.com/region":"me-central2"},"metadata":{"@type":"type.googleapis.com/google.firestore.admin.v1.LocationMetadata"},"locationId":"me-central2","displayName":"Dammam"},{"name":"projects/my-todo-web-1149f/locations/me-west1","labels":{"cloud.googleapis.com/location":"me-west1","cloud.googleapis.com/region":"me-west1"},"metadata":{"@type":"type.googleapis.com/google.firestore.admin.v1.LocationMetadata"},"locationId":"me-west1","displayName":"Tel Aviv"},{"name":"projects/my-todo-web-1149f/locations/northamerica-northeast1","labels":{"appengine.googleapis.com/region":"northamerica-northeast1","cloud.googleapis.com/location":"northamerica-northeast1","cloud.googleapis.com/region":"northamerica-northeast1"},"metadata":{"@type":"type.googleapis.com/google.firestore.admin.v1.LocationMetadata"},"locationId":"northamerica-northeast1","displayName":"Montréal"},{"name":"projects/my-todo-web-1149f/locations/northamerica-northeast2","labels":{"cloud.googleapis.com/location":"northamerica-northeast2","cloud.googleapis.com/region":"northamerica-northeast2"},"metadata":{"@type":"type.googleapis.com/google.firestore.admin.v1.LocationMetadata"},"locationId":"northamerica-northeast2","displayName":"Toronto"},{"name":"projects/my-todo-web-1149f/locations/northamerica-south1","labels":{"cloud.googleapis.com/location":"northamerica-south1","cloud.googleapis.com/region":"northamerica-south1"},"metadata":{"@type":"type.googleapis.com/google.firestore.admin.v1.LocationMetadata"},"locationId":"northamerica-south1","displayName":"Mexico"},{"name":"projects/my-todo-web-1149f/locations/southamerica-east1","labels":{"appengine.googleapis.com/region":"southamerica-east1","cloud.googleapis.com/location":"southamerica-east1","cloud.googleapis.com/region":"southamerica-east1"},"metadata":{"@type":"type.googleapis.com/google.firestore.admin.v1.LocationMetadata"},"locationId":"southamerica-east1","displayName":"São Paulo"},{"name":"projects/my-todo-web-1149f/locations/southamerica-west1","labels":{"cloud.googleapis.com/location":"southamerica-west1","cloud.googleapis.com/region":"southamerica-west1"},"metadata":{"@type":"type.googleapis.com/google.firestore.admin.v1.LocationMetadata"},"locationId":"southamerica-west1","displayName":"Santiago"},{"name":"projects/my-todo-web-1149f/locations/us-central1","labels":{"cloud.googleapis.com/location":"us-central1","cloud.googleapis.com/region":"us-central1"},"metadata":{"@type":"type.googleapis.com/google.firestore.admin.v1.LocationMetadata"},"locationId":"us-central1","displayName":"Iowa"},{"name":"projects/my-todo-web-1149f/locations/us-east1","labels":{"appengine.googleapis.com/region":"us-east1","cloud.googleapis.com/location":"us-east1","cloud.googleapis.com/region":"us-east1"},"metadata":{"@type":"type.googleapis.com/google.firestore.admin.v1.LocationMetadata"},"locationId":"us-east1","displayName":"South Carolina"},{"name":"projects/my-todo-web-1149f/locations/us-east4","labels":{"appengine.googleapis.com/region":"us-east4","cloud.googleapis.com/location":"us-east4","cloud.googleapis.com/region":"us-east4"},"metadata":{"@type":"type.googleapis.com/google.firestore.admin.v1.LocationMetadata"},"locationId":"us-east4","displayName":"Northern Virginia"},{"name":"projects/my-todo-web-1149f/locations/us-east5","labels":{"cloud.googleapis.com/location":"us-east5","cloud.googleapis.com/region":"us-east5"},"metadata":{"@type":"type.googleapis.com/google.firestore.admin.v1.LocationMetadata"},"locationId":"us-east5","displayName":"Columbus"},{"name":"projects/my-todo-web-1149f/locations/us-south1","labels":{"cloud.googleapis.com/location":"us-south1","cloud.googleapis.com/region":"us-south1"},"metadata":{"@type":"type.googleapis.com/google.firestore.admin.v1.LocationMetadata"},"locationId":"us-south1","displayName":"Dallas"},{"name":"projects/my-todo-web-1149f/locations/us-west1","labels":{"appengine.googleapis.com/region":"us-west1","cloud.googleapis.com/location":"us-west1","cloud.googleapis.com/region":"us-west1"},"metadata":{"@type":"type.googleapis.com/google.firestore.admin.v1.LocationMetadata"},"locationId":"us-west1","displayName":"Oregon"},{"name":"projects/my-todo-web-1149f/locations/us-west2","labels":{"appengine.googleapis.com/region":"us-west2","cloud.googleapis.com/location":"us-west2","cloud.googleapis.com/region":"us-west2"},"metadata":{"@type":"type.googleapis.com/google.firestore.admin.v1.LocationMetadata"},"locationId":"us-west2","displayName":"Los Angeles"},{"name":"projects/my-todo-web-1149f/locations/us-west3","labels":{"appengine.googleapis.com/region":"us-west3","cloud.googleapis.com/location":"us-west3","cloud.googleapis.com/region":"us-west3"},"metadata":{"@type":"type.googleapis.com/google.firestore.admin.v1.LocationMetadata"},"locationId":"us-west3","displayName":"Salt Lake City"},{"name":"projects/my-todo-web-1149f/locations/us-west4","labels":{"appengine.googleapis.com/region":"us-west4","cloud.googleapis.com/location":"us-west4","cloud.googleapis.com/region":"us-west4"},"metadata":{"@type":"type.googleapis.com/google.firestore.admin.v1.LocationMetadata"},"locationId":"us-west4","displayName":"Las Vegas"}]}
[info] 
[info] Firestore Security Rules allow you to define how and when to allow
[info] requests. You can keep these rules in your project directory
[info] and publish them with firebase deploy.
[info] 
[debug] [2026-08-15T13:32:15.560Z] Checked if tokens are valid: true, expires at: 1786803441239
[debug] [2026-08-15T13:32:15.561Z] Checked if tokens are valid: true, expires at: 1786803441239
[debug] [2026-08-15T13:32:15.561Z] >>> [apiv2][query] GET https://firebaserules.googleapis.com/v1/projects/my-todo-web-1149f/releases pageSize=10&pageToken=
[debug] [2026-08-15T13:32:17.091Z] <<< [apiv2][status] GET https://firebaserules.googleapis.com/v1/projects/my-todo-web-1149f/releases 200
[debug] [2026-08-15T13:32:17.092Z] <<< [apiv2][body] GET https://firebaserules.googleapis.com/v1/projects/my-todo-web-1149f/releases {}
[info] 
[info] Firestore indexes allow you to perform complex queries while
[info] maintaining performance that scales with the size of the result
[info] set. You can keep index definitions in your project directory
[info] and publish them with firebase deploy.
[info] 
[debug] [2026-08-15T13:32:17.101Z] Checked if tokens are valid: true, expires at: 1786803441239
[debug] [2026-08-15T13:32:17.102Z] Checked if tokens are valid: true, expires at: 1786803441239
[debug] [2026-08-15T13:32:17.102Z] Checked if tokens are valid: true, expires at: 1786803441239
[debug] [2026-08-15T13:32:17.102Z] Checked if tokens are valid: true, expires at: 1786803441239
[debug] [2026-08-15T13:32:17.102Z] >>> [apiv2][query] GET https://firestore.googleapis.com/v1/projects/my-todo-web-1149f/databases/(default)/collectionGroups/-/indexes [none]
[debug] [2026-08-15T13:32:17.103Z] >>> [apiv2][query] GET https://firestore.googleapis.com/v1/projects/my-todo-web-1149f/databases/(default)/collectionGroups/-/fields?filter=indexConfig.usesAncestorConfig=false OR ttlConfig:* [none]
[debug] [2026-08-15T13:32:18.121Z] <<< [apiv2][status] GET https://firestore.googleapis.com/v1/projects/my-todo-web-1149f/databases/(default)/collectionGroups/-/indexes 404
[debug] [2026-08-15T13:32:18.121Z] <<< [apiv2][body] GET https://firestore.googleapis.com/v1/projects/my-todo-web-1149f/databases/(default)/collectionGroups/-/indexes {"error":{"code":404,"message":"Project 'my-todo-web-1149f' or database '(default)' does not exist.","status":"NOT_FOUND"}}
[info] +  Wrote firestore.rules 
[info] +  Wrote firestore.indexes.json 
[info] 
=== Hosting Setup
[debug] [2026-08-15T13:32:18.135Z] Checked if tokens are valid: true, expires at: 1786803441239
[debug] [2026-08-15T13:32:18.135Z] Checked if tokens are valid: true, expires at: 1786803441239
[debug] [2026-08-15T13:32:18.135Z] >>> [apiv2][query] GET https://firebase.googleapis.com/v1beta1/projects/my-todo-web-1149f [none]
[debug] [2026-08-15T13:32:18.451Z] <<< [apiv2][status] GET https://firestore.googleapis.com/v1/projects/my-todo-web-1149f/databases/(default)/collectionGroups/-/fields?filter=indexConfig.usesAncestorConfig=false OR ttlConfig:* 404
[debug] [2026-08-15T13:32:18.452Z] <<< [apiv2][body] GET https://firestore.googleapis.com/v1/projects/my-todo-web-1149f/databases/(default)/collectionGroups/-/fields?filter=indexConfig.usesAncestorConfig=false OR ttlConfig:* {"error":{"code":404,"message":"Requested database was not found.","status":"NOT_FOUND"}}
[debug] [2026-08-15T13:32:18.663Z] <<< [apiv2][status] GET https://firebase.googleapis.com/v1beta1/projects/my-todo-web-1149f 200
[debug] [2026-08-15T13:32:18.664Z] <<< [apiv2][body] GET https://firebase.googleapis.com/v1beta1/projects/my-todo-web-1149f {"projectId":"my-todo-web-1149f","projectNumber":"879601390497","displayName":"my-todo-web","name":"projects/my-todo-web-1149f","resources":{"hostingSite":"my-todo-web-1149f"},"state":"ACTIVE","labels":{"firebase":"enabled"},"etag":"1_4d693409-ce7c-427d-bac7-f2746f50a49f"}
[info] 
[info] Your public directory is the folder (relative to your project directory) that
[info] will contain Hosting assets to be uploaded with firebase deploy. If you
[info] have a build process for your assets, use your build's output directory.
[info] 
[info] 
[info] i  Didn't detect a .git folder. Assuming C:\Users\Md Soliman Sikder\Desktop\To do web is the project root. 
[info] i  Authorizing with GitHub to upload your service account to a GitHub repository's secrets store. 
[info] 
[info] Visit this URL on this device to log in:
[info] https://github.com/login/oauth/authorize?client_id=89cf50f02ac6aaed3484&state=805842214&redirect_uri=http%3A%2F%2Flocalhost%3A9005&scope=read%3Auser%20repo%20public_repo
[info] 
[info] Waiting for authentication...
